// Jest Snapshot v1, https://goo.gl/fbAQLP

exports[`renders correctly 1`] = `<div />`;

exports[`renders correctly when given a name 1`] = `
<div>
  Hello, world!
</div>
`;
